
> backend@0.0.1 build
> nest build

Found 77 error(s).

